// Jest Snapshot v1, https://goo.gl/fbAQLP

exports[`FPaginantion tests Componente não alterado 1`] = `
"<section class=\\"f-pagination\\">
  <ul>
    <li><button disabled=\\"disabled\\">
        Primeira
      </button></li>
    <li><button disabled=\\"disabled\\">
        <f-icon-stub lib=\\"material\\" size=\\"base\\" name=\\"chevron-left\\" clickable=\\"true\\"></f-icon-stub>
      </button></li>
    <li><button class=\\"selected\\">
        1
      </button></li>
    <li><button class=\\"\\">
        2
      </button></li>
    <li><button class=\\"\\">
        3
      </button></li>
    <li><button class=\\"\\">
        4
      </button></li>
    <li><button class=\\"\\">
        5
      </button></li>
    <li><button class=\\"\\">
        6
      </button></li>
    <li><button class=\\"\\">
        7
      </button></li>
    <li><button class=\\"\\">
        8
      </button></li>
    <li><button class=\\"\\">
        9
      </button></li>
    <li><button class=\\"\\">
        10
      </button></li>
    <li><button>
        <f-icon-stub lib=\\"material\\" size=\\"base\\" name=\\"chevron-right\\" clickable=\\"true\\"></f-icon-stub>
      </button></li>
    <li><button>
        Última
      </button></li>
  </ul>
</section>"
`;
